Report Physical info: 
------------------------+-----------------+-----------+------------
                        |                 |Area (squm)|Leakage (uW)
------------------------+-----------------+-----------+------------
Design Name             |FSMHomeAutomation|           |            
  Total Instances       |               95|        117|       2.566
    Macros              |                0|          0|       0.000
    Pads                |                0|          0|       0.000
    Phys                |                0|          0|       0.000
    Blackboxes          |                0|          0|       0.000
    Cells               |               95|        117|       2.566
      Buffers           |                1|          1|       0.021
      Inverters         |               20|         11|       0.287
      Clock-Gates       |                0|          0|       0.000
      Combinational     |               65|         63|       1.402
      Latches           |                0|          0|       0.000
      FlipFlops         |                9|         43|       0.856
       Single-Bit FF    |                9|         43|       0.856
       Multi-Bit FF     |                0|          0|       0.000
       Clock-Gated      |                0|           |            
       Bits             |                9|         43|       0.856
         Load-Enabled   |                0|           |            
         Clock-Gated    |                0|           |            
  Tristate Pin Count    |                0|           |            
Physical Info           |Placed           |           |            
  Chip Size (mm x mm)   |0.074 x 0.074    |       5469|            
  Fixed Cell Area       |                 |          0|            
    Phys Only           |                0|          0|            
  Placeable Area        |                 |        175|            
  Movable Cell Area     |                 |        117|            
  Utilization (%)       |               66|           |            
  Chip Utilization (%)  |               66|           |            
  Total Wire Length (mm)|            0.741|           |            
  Longest Wire (mm)     |            0.038|           |            
  Average Wire (mm)     |            0.037|           |            
------------------------+-----------------+-----------+------------
