Report for group default
------------------------------------------------------------------------------------------------------------------------------------------------------------
Startpoint: counter2_reg[2]/Q
    (Clocked by sysclk R)
Endpoint: counter3_reg[0]/D
    (Clocked by sysclk R)
Path Group: default
Data required time: 1468.7
    (Clock shift: 1500.0, minus Uncertainty: 0.0, plus Latency 0.0, minus Setup time: 31.3)
Data arrival time: 899.2
Slack: 569.5
Logic depth: 32
------------------------------------------------------------------------------------------------------------------------------------------------------------
                                                     Arrival               Arc      Net               Net    Total   fan-                                   
Path                     Module/Cell           Edge     Time    Delay    Delay    Delay     Slew     Load     Load    out     Location Power Domain      (V)
                                                        (ps)     (ps)     (ps)     (ps)     (ps)     (ff)     (ff)    (#)      (um,um)                      
------------------------------------------------------------------------------------------------------------------------------------------------------------
clk                      {create_clock}           r      0.0      0.0      0.0                        0.0      0.0     27    51,    0                       
counter2_reg[2]/CK->Q    DFF_X1#*                rr    185.9    185.9    185.9      0.0      0.0     26.7    242.3     38    52,   51  /PD_TOP        (1.10)
i_0_1_717/A->ZN          INV_X32                 rf    198.8     12.9     12.0      0.9     15.3     10.8     73.5     16    52,   51  /PD_TOP        (1.10)
i_0_1_33/A1->ZN          NAND2_X4*               fr    247.4     48.6     48.3      0.3      5.7      9.2     82.3     13    52,   51  /PD_TOP        (1.10)
i_0_1_16/A->ZN           INV_X8                  rf    258.8     11.4     11.1      0.3     15.3      2.7     19.1      4    52,   51  /PD_TOP        (1.10)
i_0_1_17/A2->ZN          NAND3_X4                fr    275.4     16.6     16.6      0.0      5.1      0.7      4.4      1    52,   51  /PD_TOP        (1.10)
i_0_1_584/A1->ZN         NAND2_X4                rf    288.6     13.2     13.2      0.0     12.3      0.6      4.4      1    52,   51  /PD_TOP        (1.10)
i_0_1_583/A1->ZN         NAND2_X4                fr    304.9     16.3     16.3      0.0      7.0      1.5      9.2      2    52,   51  /PD_TOP        (1.10)
i_0_1_563/A3->ZN         NAND4_X4                rf    357.0     52.1     52.1      0.0     12.1      0.7     26.2      1    52,   51  /PD_TOP        (1.10)
i_0_1_562/A->ZN          INV_X8                  fr    374.5     17.5     17.5      0.0     33.9      0.6      4.9      1    52,   51  /PD_TOP        (1.10)
i_0_1_561/A2->ZN         NAND3_X4                rf    394.0     19.5     19.5      0.0      5.5      0.7      4.7      1    52,   51  /PD_TOP        (1.10)
i_0_1_542/B1->ZN         OAI21_X4                fr    421.9     27.9     27.9      0.0     11.1      0.7      4.7      1    52,   51  /PD_TOP        (1.10)
i_0_1_541/A1->ZN         NAND3_X4                rf    443.0     21.1     21.1      0.0     18.8      0.7      4.4      1    52,   51  /PD_TOP        (1.10)
i_0_1_540/A1->ZN         NAND2_X4                fr    458.1     15.1     15.1      0.0     10.9      0.6      4.4      1    52,   51  /PD_TOP        (1.10)
i_0_1_539/A1->ZN         NAND2_X4*               rf    488.1     30.0     30.0      0.0      9.6      2.0     35.2      3    52,   51  /PD_TOP        (1.10)
i_0_3_26/A->ZN           INV_X8                  fr    502.7     14.6     14.6      0.0     15.3      1.3      9.2      2    52,   51  /PD_TOP        (1.10)
i_0_3_23/B1->ZN          AOI21_X4                rf    515.6     12.9     12.9      0.0      6.5      0.7      4.7      1    52,   51  /PD_TOP        (1.10)
i_0_3_22/B1->ZN          OAI21_X4                fr    542.2     26.6     26.6      0.0      7.9      0.7      4.7      1    52,   51  /PD_TOP        (1.10)
i_0_3_11/A->ZN           OAI21_X4*               rf    578.3     36.1     36.1      0.0     18.8      1.3     30.5      2    52,   51  /PD_TOP        (1.10)
i_0_4_23/A->ZN           INV_X8                  fr    592.9     14.6     14.6      0.0     15.3      1.3      9.2      2    52,   51  /PD_TOP        (1.10)
i_0_4_18/B1->ZN          AOI21_X4                rf    605.8     12.9     12.9      0.0      6.5      0.7      4.7      1    52,   51  /PD_TOP        (1.10)
i_0_4_17/B1->ZN          OAI21_X4                fr    632.4     26.6     26.6      0.0      7.9      0.7      4.7      1    52,   51  /PD_TOP        (1.10)
i_0_4_2/A->ZN            OAI21_X4*               rf    695.3     62.9     62.9      0.0     18.8     10.5    121.6     17    52,   51  /PD_TOP        (1.10)
i_0_7/i_5/A1->ZN         NAND2_X4                fr    713.0     17.7     17.4      0.3     15.3      0.6      4.5      1    52,   51  /PD_TOP        (1.10)
i_0_7/i_4/A2->ZN         NAND2_X4                rf    738.4     25.4     25.4      0.0      9.6      0.6     26.0      1    52,   51  /PD_TOP        (1.10)
i_0_7/i_3/A->ZN          INV_X8                  fr    751.2     12.8     12.8      0.0     15.9      0.6      4.6      1    52,   51  /PD_TOP        (1.10)
i_0_7/i_12/A1->ZN        NAND3_X4                rf    783.7     32.5     32.5      0.0      5.4      0.6     26.1      1    52,   51  /PD_TOP        (1.10)
i_0_7/i_13/A->ZN         INV_X8                  fr    810.1     26.4     26.4      0.0     24.6      1.1     30.8      2    52,   51  /PD_TOP        (1.10)
i_0_25_13/A->ZN          INV_X8                  rf    817.9      7.8      7.8      0.0     11.8      1.4      9.2      2    52,   51  /PD_TOP        (1.10)
i_0_25_2/A1->ZN          NAND3_X4                fr    831.6     13.7     13.7      0.0      4.0      0.7      4.4      1    52,   51  /PD_TOP        (1.10)
i_0_25_22/A1->ZN         NAND2_X4                rf    856.9     25.3     25.3      0.0     12.3      0.6     26.0      1    52,   51  /PD_TOP        (1.10)
i_0_25_26/A->ZN          INV_X8                  fr    869.7     12.8     12.8      0.0     15.9      0.6      4.6      1    52,   51  /PD_TOP        (1.10)
i_0_25_27/A->ZN          OAI21_X4                rf    886.6     16.9     16.9      0.0      5.4      0.7      4.4      1    52,   51  /PD_TOP        (1.10)
i_0_25_0/A1->ZN          NAND2_X2                fr    899.2     12.6     12.6      0.0      9.5      0.7      1.8      1    52,   51  /PD_TOP        (1.10)
counter3_reg[0]/D        DFF_X1#                  r    899.2      0.0               0.0      8.2                             52,   51  /PD_TOP        (1.10)
------------------------------------------------------------------------------------------------------------------------------------------------------------
Report for group I2R
------------------------------------------------------------------------------------------------------------------------------------------------------------
Startpoint: sensors[2]
    (Clocked by rtDefaultClock R)
Endpoint: counter3_reg[0]/D
    (Clocked by sysclk R)
Path Group: I2R
Data required time: 1468.7
    (Clock shift: 1500.0, minus Uncertainty: 0.0, plus Latency 0.0, minus Setup time: 31.3)
Data arrival time: 1443.1
Slack: 25.6
Logic depth: 31
------------------------------------------------------------------------------------------------------------------------------------------------------------
                                                     Arrival               Arc      Net               Net    Total   fan-                                   
Path                     Module/Cell           Edge     Time    Delay    Delay    Delay     Slew     Load     Load    out     Location Power Domain      (V)
                                                        (ps)     (ps)     (ps)     (ps)     (ps)     (ff)     (ff)    (#)      (um,um)                      
------------------------------------------------------------------------------------------------------------------------------------------------------------
sensors[2]               {set_input_delay}        f    700.0    700.0    700.0                       20.9    132.8     22     0,   51                       
i_0_1_33/A2->ZN          NAND2_X4*               fr    791.3     90.5     90.5      0.0    100.0      9.2     82.3     13    52,   51  /PD_TOP        (1.10)
i_0_1_16/A->ZN           INV_X8                  rf    802.7     11.4     11.1      0.3     15.3      2.7     19.1      4    52,   51  /PD_TOP        (1.10)
i_0_1_17/A2->ZN          NAND3_X4                fr    819.3     16.6     16.6      0.0      5.1      0.7      4.4      1    52,   51  /PD_TOP        (1.10)
i_0_1_584/A1->ZN         NAND2_X4                rf    832.5     13.2     13.2      0.0     12.3      0.6      4.4      1    52,   51  /PD_TOP        (1.10)
i_0_1_583/A1->ZN         NAND2_X4                fr    848.8     16.3     16.3      0.0      7.0      1.5      9.2      2    52,   51  /PD_TOP        (1.10)
i_0_1_563/A3->ZN         NAND4_X4                rf    900.9     52.1     52.1      0.0     12.1      0.7     26.2      1    52,   51  /PD_TOP        (1.10)
i_0_1_562/A->ZN          INV_X8                  fr    918.4     17.5     17.5      0.0     33.9      0.6      4.9      1    52,   51  /PD_TOP        (1.10)
i_0_1_561/A2->ZN         NAND3_X4                rf    937.9     19.5     19.5      0.0      5.5      0.7      4.7      1    52,   51  /PD_TOP        (1.10)
i_0_1_542/B1->ZN         OAI21_X4                fr    965.8     27.9     27.9      0.0     11.1      0.7      4.7      1    52,   51  /PD_TOP        (1.10)
i_0_1_541/A1->ZN         NAND3_X4                rf    986.9     21.1     21.1      0.0     18.8      0.7      4.4      1    52,   51  /PD_TOP        (1.10)
i_0_1_540/A1->ZN         NAND2_X4                fr   1002.0     15.1     15.1      0.0     10.9      0.6      4.4      1    52,   51  /PD_TOP        (1.10)
i_0_1_539/A1->ZN         NAND2_X4*               rf   1032.0     30.0     30.0      0.0      9.6      2.0     35.2      3    52,   51  /PD_TOP        (1.10)
i_0_3_26/A->ZN           INV_X8                  fr   1046.6     15.4     14.6      0.8     15.3      1.3      9.2      2    52,   51  /PD_TOP        (1.10)
i_0_3_23/B1->ZN          AOI21_X4                rf   1059.5     12.9     12.9      0.0      6.5      0.7      4.7      1    52,   51  /PD_TOP        (1.10)
i_0_3_22/B1->ZN          OAI21_X4                fr   1086.1     26.6     26.6      0.0      7.9      0.7      4.7      1    52,   51  /PD_TOP        (1.10)
i_0_3_11/A->ZN           OAI21_X4*               rf   1122.2     36.1     36.1      0.0     18.8      1.3     30.5      2    52,   51  /PD_TOP        (1.10)
i_0_4_23/A->ZN           INV_X8                  fr   1136.8     14.6     14.6      0.0     15.3      1.3      9.2      2    52,   51  /PD_TOP        (1.10)
i_0_4_18/B1->ZN          AOI21_X4                rf   1149.7     12.9     12.9      0.0      6.5      0.7      4.7      1    52,   51  /PD_TOP        (1.10)
i_0_4_17/B1->ZN          OAI21_X4                fr   1176.3     26.6     26.6      0.0      7.9      0.7      4.7      1    52,   51  /PD_TOP        (1.10)
i_0_4_2/A->ZN            OAI21_X4*               rf   1239.2     62.9     62.9      0.0     18.8     10.5    121.6     17    52,   51  /PD_TOP        (1.10)
i_0_7/i_5/A1->ZN         NAND2_X4                fr   1256.9     17.7     17.4      0.3     15.3      0.6      4.5      1    52,   51  /PD_TOP        (1.10)
i_0_7/i_4/A2->ZN         NAND2_X4                rf   1282.3     25.4     25.4      0.0      9.6      0.6     26.0      1    52,   51  /PD_TOP        (1.10)
i_0_7/i_3/A->ZN          INV_X8                  fr   1295.1     12.8     12.8      0.0     15.9      0.6      4.6      1    52,   51  /PD_TOP        (1.10)
i_0_7/i_12/A1->ZN        NAND3_X4                rf   1327.6     32.5     32.5      0.0      5.4      0.6     26.1      1    52,   51  /PD_TOP        (1.10)
i_0_7/i_13/A->ZN         INV_X8                  fr   1354.0     26.4     26.4      0.0     24.6      1.1     30.8      2    52,   51  /PD_TOP        (1.10)
i_0_25_13/A->ZN          INV_X8                  rf   1361.8      7.8      7.8      0.0     11.8      1.4      9.2      2    52,   51  /PD_TOP        (1.10)
i_0_25_2/A1->ZN          NAND3_X4                fr   1375.5     13.7     13.7      0.0      4.0      0.7      4.4      1    52,   51  /PD_TOP        (1.10)
i_0_25_22/A1->ZN         NAND2_X4                rf   1400.8     25.3     25.3      0.0     12.3      0.6     26.0      1    52,   51  /PD_TOP        (1.10)
i_0_25_26/A->ZN          INV_X8                  fr   1413.6     12.8     12.8      0.0     15.9      0.6      4.6      1    52,   51  /PD_TOP        (1.10)
i_0_25_27/A->ZN          OAI21_X4                rf   1430.5     16.9     16.9      0.0      5.4      0.7      4.4      1    52,   51  /PD_TOP        (1.10)
i_0_25_0/A1->ZN          NAND2_X2                fr   1443.1     12.6     12.6      0.0      9.5      0.7      1.8      1    52,   51  /PD_TOP        (1.10)
counter3_reg[0]/D        DFF_X1#                  r   1443.1      0.0               0.0      8.2                             52,   51  /PD_TOP        (1.10)
------------------------------------------------------------------------------------------------------------------------------------------------------------
Report for group I2O
Report for group R2O
------------------------------------------------------------------------------------------------------------------------------------------------------------
Startpoint: temp_out_reg[5]/Q
    (Clocked by sysclk R)
Endpoint: output_signals[5]
    (Clocked by vsysclk R)
Path Group: R2O
Data required time: 200.0
    (Clock shift: 500.0, minus Uncertainty: 0.0, plus Latency 0.0, minus Out delay: 300.0)
Data arrival time: 119.7
Slack: 80.3
Logic depth: 0
------------------------------------------------------------------------------------------------------------------------------------------------------------
                                                     Arrival               Arc      Net               Net    Total   fan-                                   
Path                     Module/Cell           Edge     Time    Delay    Delay    Delay     Slew     Load     Load    out     Location Power Domain      (V)
                                                        (ps)     (ps)     (ps)     (ps)     (ps)     (ff)     (ff)    (#)      (um,um)                      
------------------------------------------------------------------------------------------------------------------------------------------------------------
clk                      {create_clock}           r      0.0      0.0      0.0                        0.0      0.0     27    51,    0                       
temp_out_reg[5]/CK->Q    DFF_X1#                 rr    118.9    118.9    118.9      0.0      0.0      6.8     16.8      1    52,   51  /PD_TOP        (1.10)
output_signals[5]                                 r    119.7      0.8               0.8     41.1                             50,    0                       
------------------------------------------------------------------------------------------------------------------------------------------------------------
