Report for group default
------------------------------------------------------------------------------------------------------------------------------------------------------------
Startpoint: currentstate_reg[1]/Q
    (Clocked by sysclk R)
Endpoint: currentstate_reg[1]/D
    (Clocked by sysclk R)
Path Group: default
Data required time: 963.7
    (Clock shift: 1000.0, minus Uncertainty: 0.0, plus Latency 0.0, minus Setup time: 36.3)
Data arrival time: 399.1
Slack: 564.6
Logic depth: 6
------------------------------------------------------------------------------------------------------------------------------------------------------------
                                                     Arrival               Arc      Net               Net    Total   fan-                                   
Path                     Module/Cell           Edge     Time    Delay    Delay    Delay     Slew     Load     Load    out     Location Power Domain      (V)
                                                        (ps)     (ps)     (ps)     (ps)     (ps)     (ff)     (ff)    (#)      (um,um)                      
------------------------------------------------------------------------------------------------------------------------------------------------------------
clk                      {create_clock}           r      0.0      0.0      0.0                        0.0      0.0      9    37,    0                       
currentstate_reg[1]/CK->Q
                         DFF_X1*                 rr    160.5    160.5    160.5      0.0      0.0      4.8     65.5      8    36,   36  /PD_TOP        (1.10)
i_0_0_53/A->ZN           INV_X8                  rf    173.8     13.3     13.2      0.1     15.3      4.9     28.0      7    36,   36  /PD_TOP        (1.10)
i_0_0_16/A->ZN           AOI211_X2               fr    248.2     74.4     74.3      0.1      6.2      0.8      4.7      1    36,   36  /PD_TOP        (1.10)
i_0_0_15/A->ZN           AOI21_X4                rf    267.1     18.9     18.9      0.0     44.7      0.8      3.3      1    36,   36  /PD_TOP        (1.10)
i_0_0_14/B->ZN           AOI211_X2               fr    333.5     66.4     66.4      0.0      7.4      0.9      3.5      1    36,   36  /PD_TOP        (1.10)
i_0_0_12/A->ZN           AOI221_X2               rf    356.8     23.3     23.3      0.0     40.5      0.9      4.9      1    36,   36  /PD_TOP        (1.10)
i_0_0_11/B2->ZN          OAI22_X2                fr    399.1     42.3     42.3      0.0     16.5      0.8      1.9      1    36,   36  /PD_TOP        (1.10)
currentstate_reg[1]/D    DFF_X1                   r    399.1      0.0               0.0     26.2                             36,   36  /PD_TOP        (1.10)
------------------------------------------------------------------------------------------------------------------------------------------------------------
Report for group I2R
------------------------------------------------------------------------------------------------------------------------------------------------------------
Startpoint: sensors[0]
    (Clocked by rtDefaultClock R)
Endpoint: currentstate_reg[2]/D
    (Clocked by sysclk R)
Path Group: I2R
Data required time: 969.4
    (Clock shift: 1000.0, minus Uncertainty: 0.0, plus Latency 0.0, minus Setup time: 30.6)
Data arrival time: 929.4
Slack: 40.0
Logic depth: 4
------------------------------------------------------------------------------------------------------------------------------------------------------------
                                                     Arrival               Arc      Net               Net    Total   fan-                                   
Path                     Module/Cell           Edge     Time    Delay    Delay    Delay     Slew     Load     Load    out     Location Power Domain      (V)
                                                        (ps)     (ps)     (ps)     (ps)     (ps)     (ff)     (ff)    (#)      (um,um)                      
------------------------------------------------------------------------------------------------------------------------------------------------------------
sensors[0]               {set_input_delay}        f    700.0    700.0    700.0                       10.7     42.1      9     0,   36                       
i_0_0_23/A4->ZN          NOR4_X4                 fr    802.5    102.1    102.1      0.0    100.0      0.9      3.5      1    36,   36  /PD_TOP        (1.10)
i_0_0_22/A->ZN           AOI221_X2               rf    825.7     23.2     23.2      0.0     40.7      0.9      4.7      1    36,   36  /PD_TOP        (1.10)
i_0_0_21/A3->ZN          NOR4_X2                 fr    900.1     74.4     74.4      0.0     16.4      0.7      2.9      1    36,   36  /PD_TOP        (1.10)
i_0_0_20/A2->ZN          OR2_X4                  rr    929.4     29.3     29.3      0.0     40.3      0.7      1.8      1    36,   36  /PD_TOP        (1.10)
currentstate_reg[2]/D    DFF_X1                   r    929.4      0.4               0.4      5.5                             36,   36  /PD_TOP        (1.10)
------------------------------------------------------------------------------------------------------------------------------------------------------------
Report for group I2O
Report for group R2O
------------------------------------------------------------------------------------------------------------------------------------------------------------
Startpoint: currentstate_reg[2]/Q
    (Clocked by sysclk R)
Endpoint: display[2]
    (Clocked by vsysclk R)
Path Group: R2O
Data required time: 700.0
    (Clock shift: 1000.0, minus Uncertainty: 0.0, plus Latency 0.0, minus Out delay: 300.0)
Data arrival time: 161.8
Slack: 538.2
Logic depth: 0
------------------------------------------------------------------------------------------------------------------------------------------------------------
                                                     Arrival               Arc      Net               Net    Total   fan-                                   
Path                     Module/Cell           Edge     Time    Delay    Delay    Delay     Slew     Load     Load    out     Location Power Domain      (V)
                                                        (ps)     (ps)     (ps)     (ps)     (ps)     (ff)     (ff)    (#)      (um,um)                      
------------------------------------------------------------------------------------------------------------------------------------------------------------
clk                      {create_clock}           r      0.0      0.0      0.0                        0.0      0.0      9    37,    0                       
currentstate_reg[2]/CK->Q
                         DFF_X1*                 rr    161.4    161.4    161.4      0.0      0.0     10.6     68.5      9    36,   36  /PD_TOP        (1.10)
display[2]                                        r    161.8      0.4               0.4     15.3                             36,   73                       
------------------------------------------------------------------------------------------------------------------------------------------------------------
